// Jest Snapshot v1, https://goo.gl/fbAQLP

exports[`SingleObject component matches the snapshot 1`] = `
<li
  style={
    Object {
      "display": "none",
    }
  }
>
  <div
    className="sc-bdVaJa ggxMsz"
  >
    <div
      className="sc-htpNat kTHLBp"
      style={
        Object {
          "flexDirection": "column",
        }
      }
    >
      <div
        className="sc-htpNat kTHLBp"
      >
        <p
          className="sc-bwzfXH gtBSna"
        >
          Договор
        </p>
        <p />
      </div>
      <div
        className="sc-htpNat kTHLBp"
      >
        <p
          className="sc-bwzfXH gtBSna"
        >
          тип: 
        </p>
        <p />
      </div>
      <div
        className="sc-htpNat kTHLBp"
      >
        <p
          className="sc-bwzfXH gtBSna"
        >
          от 
        </p>
        <p />
      </div>
    </div>
    <div
      className="sc-htpNat kTHLBp"
      style={
        Object {
          "display": "none",
        }
      }
    >
      <p
        className="sc-bwzfXH gtBSna"
      >
        адресс: 
      </p>
      <p />
    </div>
    <div
      className="sc-htpNat kTHLBp"
      style={
        Object {
          "display": "none",
        }
      }
    >
      <p
        className="sc-bwzfXH gtBSna"
      >
        клиент: 
      </p>
      <p />
    </div>
    <div
      className="sc-htpNat kTHLBp"
      style={
        Object {
          "display": "none",
        }
      }
    >
      <p
        className="sc-bwzfXH gtBSna"
      >
        подключенные услуги: 
      </p>
      <p />
    </div>
    <div
      className="sc-htpNat kTHLBp"
      style={
        Object {
          "display": "none",
        }
      }
    >
      <p
        className="sc-bwzfXH gtBSna"
      >
        статус:
      </p>
      <p />
    </div>
    <div
      className="sc-htpNat kTHLBp"
      style={
        Object {
          "display": "none",
        }
      }
    >
      <p
        className="sc-bwzfXH gtBSna"
      >
        дата, до которой действует договор: 
      </p>
      <p />
    </div>
    <div
      className="sc-htpNat kTHLBp"
      style={
        Object {
          "display": "flex",
          "justifyContent": "flex-end",
        }
      }
    >
      <button
        className="sc-bxivhb cOpcuA"
        style={
          Object {
            "display": "none",
          }
        }
      >
        Update!
      </button>
      <button
        className="sc-bxivhb cOpcuA"
        style={
          Object {
            "display": "none",
          }
        }
      >
        Delete!
      </button>
    </div>
  </div>
</li>
`;
